
[TestViewSnapshot - 1]
GitHub Workflow Watcher — Mode: Active • Focus: List • Bell: 🔔                           
Workflow       │ Run               │ Repo               │ Target         │ Status         
CI             │ lint              │ example/web        │ main           │ Success        
CI             │ unit              │ example/api        │ PR #12         │ Pending (in_pr…
                                                                                          
                                                                                          
                                                                                          
                                                                                          
                                                                                          
                                                                                          
                                                                                          
                                                                                          
                                                                                          
                                                                                          
                                                                                          
                                                                                          
                                                                                          
                                                                                          
                                                                                          
Watching 2 run(s)                                                                         
[tab] focus • [o] open • [a] archive/restore • [A] view archived • [b] bell               
╭──────────────────────────────────────────────────────────────────────────────────────────╮
│ Paste a GitHub workflow/run URL                                                          │
╰──────────────────────────────────────────────────────────────────────────────────────────╯
---
